orig tokens: ['[CLS]', '按', '照', '国', '家', ',', '城', '市', ',', '州', '县', '划', '分', '的', '地', '理', '区', '域', '[SEP]']
tokens len: 19
===========================
current token words: {'B': [], 'M': [], 'E': [], 'S': []}
gaz info : {'B': ['按照', '按摩'], 'S': ['按']}
current token words: {'B': ['按照'], 'M': [], 'E': [], 'S': ['按']}
gaz info : {'E': ['按照', '依照', '对照', '比照', '护照', '执照'], 'B': ['照片', '照顾', '照样', '照相', '照料', '照护'], 'S': ['照']}
current token words: {'B': [], 'M': [], 'E': ['按照'], 'S': ['照']}
gaz info : {'E': ['中国', '美国', '全国', '我国', '英国', '中华人民共和国', '德国', '韩国', '法国', '各国', '泰国', '成员国', '联合国', '大国', '外国', '强国', '该国', '跨国', '本国', '帝国', '回国', '占全国', '出国', '三国', '祖国', '多国', '南国', '王国', '安国', '共和国', '治国', '建国', '新中国', '邻国', '爱国', '北国', '年全国', '他国', '海国', '兴国', '俄国', '人民共和国', '开国', '国与国', '民国', '会员国', '战国', '于全国', '年国', '居全国', '华国', '工业国', '其国', '立国', '理事国', '最惠国', '安理会常任理事国', '天国', '日本国', '上国', '经国', '同国', '东国', '党国', '任国', '于国', '向国', '方国', '中华民国', '尼国', '护国', '惠国', '国国'], 'B': ['国内', '国际', '国家', '国务院', '国有企业', '国际化', '国内外', '国产', '国外', '国企', '国家统计局', '国家级', '国有', '国庆', '国家开发银行', '国家队', '国民经济', '国际贸易', '国际金融', '国网', '国投', '国电', '国际上', '国会', '国防', '国民', '国内生产总值', '国开', '国安', '国际货币基金组织', '国贸', '国土', '国元', '国海', '国籍', '国人', '国药', '国旅', '国际机场', '国家外汇管理局', '国机', '国都', '国金', '国际竞争', '国发', '国能', '国情', '国家公园', '国际公司', '国际性', '国科', '国华', '国道', '国行', '国联', '国内航线', '国立', '国防部', '国营', '国际舞台', '国务卿', '国中', '国大', '国会议员', '国统', '国际关系', '国新', '国通', '国四', '国铁', '国王', '国三', '国际惯例', '国际事务', '国家主权', '国台', '国之', '国际间', '国农', '国力', '国五', '国民生产总值', '国政', '国银', '国家外汇', '国务委员', '国文', '国是', '国宝', '国旗', '国运', '国建', '国和', '国与国', '国医', '国境', '国家计委', '国际公约', '国防部长', '国产品', '国军', '国在', '国歌', '国务', '国基', '国家税务', '国际货币基金', '国一', '国特', '国也', '国正', '国将', '国际会', '国家广播', '国商', '国代', '国对', '国本', '国自', '国家地震局', '国事', '国家科委', '国武', '国语', '国保', '国公', '国青年', '国协', '国际组', '国民党', '国珠', '国维', '国法', '国总理', '国天', '国利', '国同', '国地', '国建设', '国经', '国战', '国可', '国神', '国化', '国与', '国家税', '国两', '国已', '国安局', '国峰', '国城', '国小', '国为', '国老', '国高', '国观', '国总', '国教', '国采', '国平', '国工', '国应', '国民生产', '国方', '国石', '国进行', '国还', '国所', '国社会', '国后', '国各', '国共', '国进', '国国', '国要', '国主'], 'S': ['国'], 'M': ['中国银行', '中国人民银行', '发达国家', '中国政府', '中国石油', '发展中国家', '中国石化', '美国政府', '全国性', '中国科学院', '中国建材', '中国人民大学', '中国海', '跨国公司', '中国民生银行', '全国人大常委会', '中国人', '英国政府', '美国公司', '英国首相', '美国国会', '美国国会', '联合国安理会', '中国社会科学院', '中国共产党', '中国进出口银行', '美国纽约', '外国人', '全国人大', '全国政协', '两国关系', '中国海关', '中国外交部', '中国科', '一国两制', '美国人', '联合国大会', '两国人民', '两国政府', '中国国务院', '中国国务院', '美国有线电视新闻网', '中国化', '两国间', '爱国主义', '中国代表团', '中国队', '英国人', '浦东国际机场', '东亚国家', '韩国和', '中国红十字会', '帝国主义', '最惠国待遇', '美国国家广播公司', '美国国家广播公司', '祖国大陆', '中国石油天然气总公司', '非国大', '中国国民党', '中国国民党', '中国时报', '第一国民银行', '多国部队', '祖国统一', '美国士兵', '靖国神社']}
current token words: {'B': ['国家'], 'M': [], 'E': [], 'S': ['国']}
gaz info : {'S': ['家'], 'E': ['国家', '一家', '大家', '专家', '商家', '企业家', '独家', '发达国家', '这家', '科学家', '发展中国家', '余家', '自家', '百家', '十家', '赢家', '起家', '人家', '到家', '回家', '名家', '我家', '千家', '在家', '作家', '皇家', '全家', '艺术家', '乐家', '老家', '店家', '万家', '他家', '那家', '资本家', '政治家', '学家', '新家', '吴家', '客家', '离家', '画家', '十三家', '成家', '唐家', '于家', '音乐家', '东亚国家', '吕家', '陆家', '住家', '张家', '石家', '文学家', '老人家', '本家', '荣家', '温家', '万多家', '侯家', '邹家', '治家'], 'B': ['家庭', '家电', '家具', '家族', '家用', '家长', '家里', '家中', '家人', '家乐福', '家园', '家属', '家乡', '家门口', '家禽', '家政', '家门', '家小', '家乐', '家外', '家地', '家协会', '家财', '家公', '家当', '家庄', '家主', '家宝', '家安', '家计', '家学'], 'M': ['国家统计局', '国家级', '石家庄', '国家开发银行', '国家队', '陆家嘴', '专家学者', '国家外汇管理局', '国家公园', '一家人', '国家主权', '国家外汇', '国家计委', '瑞典皇家科学院', '国家税务', '国家广播', '国家地震局', '国家科委', '美国国家广播公司', '死者家属', '国家税', '温家宝']}
current token words: {'B': [], 'M': [], 'E': ['国家'], 'S': ['家']}
current token words: {'B': [], 'M': [], 'E': [], 'S': []}
gaz info : {'B': ['城市', '城镇', '城乡', '城区', '城市化', '城里'], 'S': ['城'], 'M': ['大城市', '防城港', '港口城市', '防城港市', '友好城市'], 'E': ['大城', '京城', '海城', '防城', '中心城', '汉城', '国城']}
current token words: {'B': ['城市'], 'M': [], 'E': [], 'S': ['城']}
gaz info : {'B': ['市场', '市场需求', '市场占有率', '市场竞争', '市政府', '市民', '市政', '市场潜力', '市场经济', '市区', '市长', '市委', '市中心', '市内', '市场运作', '市场经济体', '市面', '市场区', '市里', '市外', '市教育局', '市上', '市镇', '市府', '市议会', '市议员', '市地', '市政局', '市文化局'], 'M': ['上市公司', '债券市场', '金融市场', '城市化', '副市长', '新市镇', '人才市场', '台北市政府'], 'E': ['上市', '城市', '股市', '北京市', '深圳市', '超市', '上海市', '全市', '入市', '广州市', '省市', '天津市', '重庆市', '大城市', '本市', '直辖市', '杭州市', '都市', '厦门市', '东莞市', '该市', '各省市', '无锡市', '地市', '大连市', '房市', '南宁市', '县市', '门市', '威海市', '汕头市', '港口城市', '温州市', '州市', '防城港市', '中市', '友好城市', '津市', '各县市', '南市', '永济市', '港市', '新市', '向市', '外市', '台北市', '台南市', '义市', '台中市', '高雄市', '京市', '海市', '北市'], 'S': ['市']}
current token words: {'B': [], 'M': [], 'E': ['城市'], 'S': ['市']}
current token words: {'B': [], 'M': [], 'E': [], 'S': []}
gaz info : {'E': ['广州', '杭州', '贵州', '神州', '福州', '兰州', '常州', '温州', '加州', '德州', '泉州', '扬州', '漳州', '佛罗里达州', '加利福尼亚州', '路易斯安那州', '钦州', '达州', '纽约州', '佛州', '新泽西州', '明尼苏达州', '田纳西州', '新墨西哥州', '亚州', '西州'], 'M': ['广州市', '杭州市', '温州市'], 'S': ['州'], 'B': ['州长', '州市', '州立']}
current token words: {'B': [], 'M': [], 'E': [], 'S': ['州']}
gaz info : {'S': ['县'], 'B': ['县政府', '县市', '县长', '县政'], 'E': ['雄县', '各县', '南县', '青龙县', '林县'], 'M': ['各县市']}
current token words: {'B': [], 'M': [], 'E': [], 'S': ['县']}
gaz info : {'E': ['计划', '规划', '策划', '开发计划'], 'B': ['划分', '划上', '划到', '划在'], 'S': ['划'], 'M': ['计划经济', '计划生育', '计划署']}
current token words: {'B': ['划分'], 'M': [], 'E': [], 'S': ['划']}
gaz info : {'E': ['部分', '大部分', '充分', '一部分', '十分', '组成部分', '绝大部分', '划分', '成分', '区分', '评分', '过分', '处分', '万分', '二分', '不分', '高分', '百分', '可分', '会分', '公分', '身分', '十二分', '来分', '学分', '利分', '力分'], 'B': ['分别为', '分别', '分析', '分享', '分行', '分钟', '分类', '分为', '分布', '分配', '分散', '分之一', '分级', '分支机构', '分歧', '分离', '分子', '分发', '分成', '分时', '分工', '分会', '分流', '分之二', '分割', '分开', '分局', '分钱', '分之', '分支', '分摊', '分立', '分析员', '分裂', '分之三', '分配制度', '分清', '分获', '分省', '分房', '分利', '分点', '分子生物', '分类广告', '分地', '分局长', '分班'], 'M': ['百分点', '充分发挥', '充分利用', '百分之', '百分之百', '十分重视', '恐怖分子', '知识分子'], 'S': ['分']}
current token words: {'B': [], 'M': [], 'E': ['划分'], 'S': ['分']}
gaz info : {'S': ['的'], 'E': ['中的', '新的', '标的', '目的', '真的', '有的', '端的', '美的', '面的', '别的', '总的', '般的', '是的', '小小的', '打的', '关的', '似的', '亲爱的', '破的', '龙的', '方的', '什么的', '余的', '马的', '周的', '任的'], 'B': ['的话', '的确', '的当', '的证', '的卡', '的哥', '的士'], 'M': ['波罗的海', '这样的话', '那样的话', '有的是']}
current token words: {'B': [], 'M': [], 'E': [], 'S': ['的']}
gaz info : {'M': ['房地产', '周边地区', '亚太地区', '本地化', '沿海地区', '奥地利', '本地区', '东南亚地区', '亚洲地区', '当地人', '重庆地区', '大地震', '太平洋地区', '南亚地区', '中东地区', '国家地震局', '中亚地区'], 'B': ['地区', '地方', '地产', '地位', '地址', '地铁', '地点', '地震', '地图', '地下', '地面', '地域', '地球', '地理位置', '地理', '地质', '地处', '地下水', '地上', '地带', '地中海', '地市', '地形', '地步', '地表', '地被', '地利', '地下室', '地方法院', '地层', '地里', '地震局', '地主', '地名', '地中', '地震预报', '地球村', '地对地', '地方法'], 'S': ['地'], 'E': ['落地', '土地', '基地', '当地', '各地', '用地', '内地', '本地', '产地', '所在地', '有效地', '绿地', '两地', '场地', '实地', '占地', '世界各地', '天地', '工地', '大地', '湿地', '外地', '原产地', '境地', '就地', '新天地', '腹地', '阵地', '盆地', '陆地', '林地', '山地', '房地', '特地', '根据地', '海地', '发生地', '该地', '上地', '道地', '沙地', '全省各地', '平地', '此地', '军事基地', '住地', '柴达木盆地', '胜地', '满地', '家地', '园地', '源地', '生地', '效地', '同地', '样地', '心地', '高兴地', '国地', '分地', '三角地', '市地', '北地', '地对地', '管地', '于地']}
current token words: {'B': ['地理'], 'M': [], 'E': [], 'S': ['地']}
gaz info : {'E': ['管理', '总经理', '处理', '治理', '副总经理', '办理', '合理', '整理', '经理', '代理', '监督管理', '经营管理', '综合治理', '清理', '受理', '助理', '心理', '物理', '总理', '不合理', '护理', '地理', '道理', '审理', '财务管理', '妥善处理', '副总理', '法理', '不理', '前总理', '有理', '查理', '国总理', '会理', '安理'], 'B': ['理财', '理念', '理解', '理由', '理性', '理论', '理想', '理事长', '理事', '理事会', '理工', '理工大学', '理会', '理学', '理查德', '理科', '理事国', '理学院', '理工大', '理查', '理查德·', '理好', '理完', '理过', '理上'], 'M': ['管理人', '管理人员', '管理制度', '管理局', '经理人', '地理位置', '管理部', '国家外汇管理局', '联合国安理会', '管理体制', '管理学', '管理学院', '安理会', '物理学', '管理方', '外汇管理局', '协会理事', '药品监督管理局', '管理办', '安理会常任理事国', '安理会常任理事国', '管理制', '常任理事'], 'S': ['理']}
current token words: {'B': [], 'M': [], 'E': ['地理'], 'S': ['理']}
gaz info : {'E': ['地区', '新区', '社区', '园区', '自治区', '示范区', '高新区', '周边地区', '景区', '试验区', '经济技术开发区', '开发区', '城区', '经济开发区', '亚太地区', '港区', '市区', '灾区', '全区', '保税区', '沿海地区', '高新技术产业开发区', '工业区', '本地区', '合作区', '东南亚地区', '省区', '山区', '保护区', '亚洲地区', '浦东新区', '郊区', '特区', '西藏自治区', '该区', '科技园区', '东区', '经济特区', '特别行政区', '行政区', '风景区', '重庆地区', '区区', '东新区', '林区', '高新技术开发区', '香港特别行政区', '深圳特区', '太平洋地区', '南亚地区', '市场区', '天津港保税区', '场区', '宁波保税区', '选区', '中东地区', '投资区', '技术开发区', '贸易区', '自由区', '澳门特区', '香港特区', '军区', '科学园区', '政区', '中亚地区', '禁航区'], 'B': ['区域', '区别', '区内', '区分', '区位', '区政府', '区区', '区外', '区隔', '区里', '区建设', '区和', '区中', '区在', '区有', '区进行', '区新', '区也', '区已', '区经', '区以', '区是', '区还', '区政', '区总', '区一', '区管', '区各'], 'S': ['区'], 'M': ['特区政府', '次区域']}
current token words: {'B': ['区域'], 'M': [], 'E': [], 'S': ['区']}
gaz info : {'E': ['领域', '区域', '地域', '海域', '流域', '各个领域', '次区域', '淮河流域'], 'S': ['域'], 'B': ['域性']}
current token words: {'B': [], 'M': [], 'E': ['区域'], 'S': ['域']}
current token words: {'B': [], 'M': [], 'E': [], 'S': []}
orig tokens: ['[CLS]', '山', '脉', ',', '河', '流', '自', '然', '景', '观', '的', '地', '点', '[SEP]']
tokens len: 14
===========================
current token words: {'B': [], 'M': [], 'E': [], 'S': []}
gaz info : {'B': ['山东', '山西', '山东省', '山西省', '山区', '山大', '山地', '山顶', '山上', '山脉', '山下', '山一', '山里', '山歌', '山岩'], 'E': ['唐山', '矿山', '中山', '松山', '旧金山', '金山', '乐山', '高山', '洋山', '釜山', '登山', '玉山', '灵山', '紫金山', '太行山', '凤山', '下山', '光山', '观音山', '大屿山', '富士山', '芝山'], 'S': ['山'], 'M': ['紫金山天文台']}
current token words: {'B': ['山脉'], 'M': [], 'E': [], 'S': ['山']}
gaz info : {'S': ['脉'], 'E': ['人脉', '命脉', '动脉', '山脉']}
current token words: {'B': [], 'M': [], 'E': ['山脉'], 'S': ['脉']}
current token words: {'B': [], 'M': [], 'E': [], 'S': []}
gaz info : {'B': ['河北', '河南', '河北省', '河南省', '河流', '河西', '河水', '河内', '河边', '河里', '河滨', '河川', '河中', '河滨公园'], 'S': ['河'], 'E': ['黄河', '运河', '淮河', '大运河', '水河', '淡水河'], 'M': ['淮河流域', '约旦河西岸']}
current token words: {'B': ['河流'], 'M': [], 'E': [], 'S': ['河']}
gaz info : {'E': ['物流', '主流', '交流', '一流', '潮流', '资金流', '分流', '河流', '人流', '文化交流', '轮流', '清流', '人才交流', '金流', '大流', '三江并流', '江流'], 'B': ['流量', '流程', '流通', '流入', '流动', '流行', '流失', '流水', '流域', '流媒体', '流传', '流体', '流感', '流动人口', '流感病毒', '流血', '流浪', '流亡', '流会', '流行乐'], 'S': ['流'], 'M': ['交流会', '禽流感', '淮河流域']}
current token words: {'B': [], 'M': [], 'E': ['河流'], 'S': ['流']}
gaz info : {'B': ['自己', '自动', '自身', '自主', '自动化', '自然', '自有', '自行', '自治区', '自由', '自由贸易', '自我', '自家', '自从', '自愿', '自信', '自发', '自负', '自制', '自觉', '自救', '自豪', '自由化', '自称', '自如', '自治', '自民党', '自在', '自杀', '自然科学', '自强', '自然景观', '自己人', '自立', '自大', '自卫', '自由区', '自然遗产', '自来', '自民', '自外', '自焚'], 'E': ['来自', '各自', '亲自', '擅自', '出自', '取自', '上自', '国自', '于自'], 'S': ['自'], 'M': ['西藏自治区', '大自然', '独立自主', '新闻自由']}
current token words: {'B': ['自然', '自然景观'], 'M': [], 'E': [], 'S': ['自']}
gaz info : {'E': ['虽然', '依然', '仍然', '当然', '自然', '显然', '必然', '突然', '天然', '既然', '已然', '竟然', '居然', '不然', '固然', '果然', '大自然', '不以为然', '了然'], 'M': ['天然气', '天然气资源', '自然科学', '突然间', '自然景观', '自然遗产', '中国石油天然气总公司'], 'B': ['然而', '然后'], 'S': ['然']}
current token words: {'B': [], 'M': ['自然景观'], 'E': ['自然'], 'S': ['然']}
gaz info : {'E': ['场景', '背景', '前景', '愿景', '情景', '远景', '风景', '光景', '荣景'], 'B': ['景气', '景区', '景观', '景点', '景下'], 'S': ['景'], 'M': ['不景气', '风景区', '自然景观']}
current token words: {'B': ['景观'], 'M': ['自然景观'], 'E': [], 'S': ['景']}
gaz info : {'B': ['观点', '观察', '观众', '观看', '观念', '观测', '观光', '观赏', '观光旅游', '观察员', '观音山', '观音', '观光客', '观光业', '观光局'], 'M': ['宏观经济', '宏观调控', '思想观念'], 'E': ['宏观', '乐观', '外观', '客观', '可观', '参观', '景观', '价值观', '自然景观', '综观', '国观'], 'S': ['观']}
current token words: {'B': [], 'M': [], 'E': ['自然景观', '景观'], 'S': ['观']}
gaz info : {'S': ['的'], 'E': ['中的', '新的', '标的', '目的', '真的', '有的', '端的', '美的', '面的', '别的', '总的', '般的', '是的', '小小的', '打的', '关的', '似的', '亲爱的', '破的', '龙的', '方的', '什么的', '余的', '马的', '周的', '任的'], 'B': ['的话', '的确', '的当', '的证', '的卡', '的哥', '的士'], 'M': ['波罗的海', '这样的话', '那样的话', '有的是']}
current token words: {'B': [], 'M': [], 'E': [], 'S': ['的']}
gaz info : {'M': ['房地产', '周边地区', '亚太地区', '本地化', '沿海地区', '奥地利', '本地区', '东南亚地区', '亚洲地区', '当地人', '重庆地区', '大地震', '太平洋地区', '南亚地区', '中东地区', '国家地震局', '中亚地区'], 'B': ['地区', '地方', '地产', '地位', '地址', '地铁', '地点', '地震', '地图', '地下', '地面', '地域', '地球', '地理位置', '地理', '地质', '地处', '地下水', '地上', '地带', '地中海', '地市', '地形', '地步', '地表', '地被', '地利', '地下室', '地方法院', '地层', '地里', '地震局', '地主', '地名', '地中', '地震预报', '地球村', '地对地', '地方法'], 'S': ['地'], 'E': ['落地', '土地', '基地', '当地', '各地', '用地', '内地', '本地', '产地', '所在地', '有效地', '绿地', '两地', '场地', '实地', '占地', '世界各地', '天地', '工地', '大地', '湿地', '外地', '原产地', '境地', '就地', '新天地', '腹地', '阵地', '盆地', '陆地', '林地', '山地', '房地', '特地', '根据地', '海地', '发生地', '该地', '上地', '道地', '沙地', '全省各地', '平地', '此地', '军事基地', '住地', '柴达木盆地', '胜地', '满地', '家地', '园地', '源地', '生地', '效地', '同地', '样地', '心地', '高兴地', '国地', '分地', '三角地', '市地', '北地', '地对地', '管地', '于地']}
current token words: {'B': ['地点'], 'M': [], 'E': [], 'S': ['地']}
gaz info : {'S': ['点'], 'E': ['重点', '百分点', '观点', '试点', '热点', '特点', '一点', '高点', '低点', '增长点', '地点', '焦点', '有点', '最低点', '有一点', '景点', '零点', '差点', '点点', '据点', '早点', '驻点', '分点', '火点', '发点'], 'B': ['点评', '点燃', '点名', '点火', '点子', '点点', '点将', '点钟', '点滴', '点儿', '点头'], 'M': ['有点像', '有点儿', '一点儿', '八点档']}
current token words: {'B': [], 'M': [], 'E': ['地点'], 'S': ['点']}
current token words: {'B': [], 'M': [], 'E': [], 'S': []}
orig tokens: ['[CLS]', '组', '织', '包', '括', '公', '司', ',', '政', '府', '党', '派', ',', '学', '校', ',', '政', '府', ',', '新', '闻', '机', '构', '[SEP]']
tokens len: 24
===========================
current token words: {'B': [], 'M': [], 'E': [], 'S': []}
gaz info : {'E': ['重组', '机组', '小组', '党组', '改组', '剧组', '国际组', '专案小组'], 'B': ['组织', '组合', '组成', '组建', '组成部分', '组长', '组委会', '组委'], 'S': ['组'], 'M': ['国际货币基金组织', '世贸组织', '世界卫生组织', '世界贸易组织', '基金组织', '贸易组织', '货币基金组织', '工发组织', '小组会', '卫生组织']}
current token words: {'B': ['组织'], 'M': [], 'E': [], 'S': ['组']}
gaz info : {'E': ['组织', '纺织', '国际货币基金组织', '世贸组织', '世界卫生组织', '世界贸易组织', '基金组织', '贸易组织', '货币基金组织', '工发组织', '卫生组织'], 'M': ['纺织品', '纺织行业', '纺织业', '纺织工业'], 'S': ['织'], 'B': ['织布', '织品']}
current token words: {'B': [], 'M': [], 'E': ['组织'], 'S': ['织']}
gaz info : {'B': ['包括', '包装', '包含', '包袱', '包围', '包商', '包工'], 'M': ['还包括', '承包商', '承包工程'], 'S': ['包'], 'E': ['红包', '承包', '面包', '皮包']}
current token words: {'B': ['包括'], 'M': [], 'E': [], 'S': ['包']}
gaz info : {'E': ['包括', '还包括', '概括'], 'S': ['括']}
current token words: {'B': [], 'M': [], 'E': ['包括'], 'S': ['括']}
gaz info : {'B': ['公司', '公告', '公布', '公开', '公司股票', '公众', '公斤', '公里', '公共', '公路', '公积金', '公寓', '公平', '公示', '公益', '公交', '公顷', '公园', '公正', '公交车', '公用', '公安', '公民', '公关', '公积', '公投', '公认', '公安部', '公开信', '公约', '公报', '公务', '公共卫生', '公社', '公务员', '公私', '公职', '公开赛', '公车', '公分', '公元', '公子', '公道', '公尺', '公室', '公署', '公权', '公祭', '公克', '公所'], 'M': ['股份有限公司', '有限公司', '上市公司', '子公司', '保险公司', '高速公路', '集团公司', '办公室', '航空公司', '平方公里', '总公司', '办公厅', '跨国公司', '业有限公司', '百公里', '美国公司', '金川公司', '国家公园', '国际公司', '百货公司', '广播公司', '国际公约', '电脑公司', '哥伦比亚广播公司', '联合公报', '美国国家广播公司', '中国石油天然气总公司', '河滨公园'], 'E': ['办公', '大公', '三公', '不公', '家公', '国公', '阿公', '天公'], 'S': ['公']}
current token words: {'B': ['公司'], 'M': [], 'E': [], 'S': ['公']}
gaz info : {'E': ['公司', '股份有限公司', '有限公司', '上市公司', '子公司', '保险公司', '集团公司', '航空公司', '总公司', '跨国公司', '业有限公司', '美国公司', '官司', '金川公司', '国际公司', '百货公司', '打官司', '广播公司', '电脑公司', '哥伦比亚广播公司', '美国国家广播公司', '中国石油天然气总公司'], 'M': ['公司股票'], 'S': ['司'], 'B': ['司机', '司法', '司长', '司法机关', '司法部', '司法程序', '司令部', '司令', '司马', '司令员']}
current token words: {'B': [], 'M': [], 'E': ['公司'], 'S': ['司']}
current token words: {'B': [], 'M': [], 'E': [], 'S': []}
gaz info : {'B': ['政策', '政府', '政治', '政府部门', '政策性', '政务', '政局', '政党', '政治经济', '政治局', '政坛', '政权', '政协', '政经', '政治家', '政界', '政客', '政和', '政委', '政情', '政见', '政区', '政体', '政府部'], 'M': ['财政部', '人民政府', '中国政府', '优惠政策', '市政府', '美国政府', '省政府', '财政收入', '中央政府', '英国政府', '区政府', '日本政府', '县政府', '中共中央政治局', '电子政务', '全国政协', '特别行政区', '行政长官', '中央政治局', '行政区', '非政府', '两国政府', '特区政府', '新政府', '香港特别行政区', '执政党', '开放政策', '外交政策', '内政部', '在政治上', '财政部长', '布什政府', '澳洲政府', '行政院', '各政党', '行政院长', '执政者', '中央政治局常委', '市政局', '台北市政府'], 'E': ['行政', '财政', '新政', '市政', '执政', '党政', '家政', '施政', '民政', '国政', '内政', '主政', '和政', '从政', '为政', '惠政', '资政', '大政', '区政', '方政', '县政'], 'S': ['政']}
current token words: {'B': ['政府'], 'M': [], 'E': [], 'S': ['政']}
gaz info : {'E': ['政府', '人民政府', '中国政府', '市政府', '美国政府', '省政府', '中央政府', '英国政府', '区政府', '日本政府', '县政府', '首府', '非政府', '两国政府', '特区政府', '新政府', '华府', '总统府', '市府', '布什政府', '澳洲政府', '台北市政府'], 'M': ['政府部门', '政府部'], 'S': ['府'], 'B': ['府发']}
current token words: {'B': [], 'M': [], 'E': ['政府'], 'S': ['府']}
gaz info : {'B': ['党委', '党中央', '党组', '党员', '党支部', '党政', '党内', '党派', '党校', '党团', '党领导', '党在', '党是', '党主席', '党将', '党国', '党也', '党要', '党中', '党和', '党籍', '党与'], 'E': ['共和党', '民主党', '中国共产党', '政党', '自民党', '两党', '执政党', '反对党', '大党', '全党', '在野党', '民进党', '国民党', '各政党', '中国国民党', '中央党', '共产党', '新党', '各党'], 'S': ['党'], 'M': ['共和党人', '民主党人', '中央党校', '各党派', '共产党员']}
current token words: {'B': ['党派'], 'M': [], 'E': [], 'S': ['党']}
gaz info : {'S': ['派'], 'B': ['派出', '派驻', '派遣', '派出所', '派系', '派员'], 'E': ['一派', '保守派', '党派', '温和派', '各党派']}
current token words: {'B': [], 'M': [], 'E': ['党派'], 'S': ['派']}
current token words: {'B': [], 'M': [], 'E': [], 'S': []}
gaz info : {'B': ['学习', '学生', '学校', '学院', '学会', '学术', '学历', '学者', '学员', '学科', '学费', '学位', '学界', '学到', '学术研究', '学院院长', '学家', '学年', '学问', '学徒', '学期', '学系', '学生宿舍', '学园', '学大', '学时', '学学', '学成', '学教授', '学分', '学研', '学童', '学上', '学社', '学和', '学与', '学中', '学英文'], 'E': ['化学', '科学', '大学', '经济学', '医学', '教学', '中国人民大学', '文学', '同学', '小学', '留学', '数学', '开学', '中小学', '生物学', '管理学', '哲学', '中学', '入学', '理工大学', '哈佛大学', '上学', '商学', '物理学', '自然科学', '法学', '社会科学', '人民大学', '求学', '理学', '所学', '台湾大学', '社会学', '英语教学', '语言学', '在学', '学学', '不学', '澳门大学', '济学', '讲学', '人类学', '家学', '外交学', '名学'], 'M': ['科学家', '大学生', '中国科学院', '科学技术', '专家学者', '科学研究', '中国社会科学院', '留学生', '科学院', '管理学院', '大学毕业', '小学生', '医学院', '大学教授', '法学院', '中学生', '社会科学院', '科学园', '瑞典皇家科学院', '电影学院', '诺贝尔文学奖', '科学园区', '理学院', '女学生', '文学奖', '文学家'], 'S': ['学']}
current token words: {'B': ['学校'], 'M': [], 'E': [], 'S': ['学']}
gaz info : {'E': ['学校', '高校', '院校', '在校', '大专院校', '中央党校', '党校', '全校', '军校'], 'B': ['校园', '校友', '校长', '校方'], 'S': ['校'], 'M': ['副校长']}
current token words: {'B': [], 'M': [], 'E': ['学校'], 'S': ['校']}
current token words: {'B': [], 'M': [], 'E': [], 'S': []}
gaz info : {'B': ['政策', '政府', '政治', '政府部门', '政策性', '政务', '政局', '政党', '政治经济', '政治局', '政坛', '政权', '政协', '政经', '政治家', '政界', '政客', '政和', '政委', '政情', '政见', '政区', '政体', '政府部'], 'M': ['财政部', '人民政府', '中国政府', '优惠政策', '市政府', '美国政府', '省政府', '财政收入', '中央政府', '英国政府', '区政府', '日本政府', '县政府', '中共中央政治局', '电子政务', '全国政协', '特别行政区', '行政长官', '中央政治局', '行政区', '非政府', '两国政府', '特区政府', '新政府', '香港特别行政区', '执政党', '开放政策', '外交政策', '内政部', '在政治上', '财政部长', '布什政府', '澳洲政府', '行政院', '各政党', '行政院长', '执政者', '中央政治局常委', '市政局', '台北市政府'], 'E': ['行政', '财政', '新政', '市政', '执政', '党政', '家政', '施政', '民政', '国政', '内政', '主政', '和政', '从政', '为政', '惠政', '资政', '大政', '区政', '方政', '县政'], 'S': ['政']}
current token words: {'B': ['政府'], 'M': [], 'E': [], 'S': ['政']}
gaz info : {'E': ['政府', '人民政府', '中国政府', '市政府', '美国政府', '省政府', '中央政府', '英国政府', '区政府', '日本政府', '县政府', '首府', '非政府', '两国政府', '特区政府', '新政府', '华府', '总统府', '市府', '布什政府', '澳洲政府', '台北市政府'], 'M': ['政府部门', '政府部'], 'S': ['府'], 'B': ['府发']}
current token words: {'B': [], 'M': [], 'E': ['政府'], 'S': ['府']}
current token words: {'B': [], 'M': [], 'E': [], 'S': []}
gaz info : {'S': ['新'], 'E': ['创新', '最新', '全新', '重新', '技术创新', '更新', '高新', '中新', '清新', '崭新', '建新', '上新', '出新', '日新', '一新', '立新', '从新', '大新', '国新', '记忆犹新', '求新', '向新', '王新', '年新', '于新', '东新', '来新', '区新', '省新', '项新', '见新', '布新', '么新', '方新'], 'B': ['新的', '新闻', '新增', '新疆', '新区', '新股', '新兴', '新产品', '新一轮', '新材料', '新型', '新一代', '新技术', '新兴产业', '新加坡', '新华社', '新建', '新品', '新华', '新时代', '新闻网', '新药', '新西兰', '新政', '新京报', '新经济', '新机', '新进', '新版', '新鲜', '新任', '新开', '新旧', '新闻记者', '新生', '新发', '新世纪', '新台币', '新进展', '新奥', '新手', '新天地', '新平', '新中', '新形势', '新人', '新闻稿', '新机制', '新作', '新路', '新奇', '新意', '新中国', '新政府', '新德里', '新村', '新闻社', '新书', '新科', '新泽西', '新年', '新泽', '新航', '新民', '新春', '新泽西州', '新家', '新世代', '新闻报', '新市镇', '新墨西哥州', '新闻纵横', '新方', '新闻界', '新月', '新竹', '新庄', '新市', '新闻节目', '新德', '新娘', '新闻局', '新闻广播', '新社', '新技', '新京', '新内阁', '新墨西哥', '新四军', '新党', '新闻自由'], 'M': ['高新技术', '高新区', '最新消息', '高新技术产业开发区', '浦东新区', '东新区', '高新技术开发区', '美国有线电视新闻网', '头条新闻', '电视新闻']}
current token words: {'B': ['新闻'], 'M': [], 'E': [], 'S': ['新']}
gaz info : {'E': ['新闻', '丑闻', '绯闻', '头条新闻', '电视新闻'], 'M': ['新闻网', '新闻记者', '新闻稿', '新闻社', '美国有线电视新闻网', '新闻报', '新闻纵横', '新闻界', '新闻节目', '新闻局', '新闻广播', '新闻自由'], 'S': ['闻'], 'B': ['闻名', '闻风', '闻人', '闻之']}
current token words: {'B': [], 'M': [], 'E': ['新闻'], 'S': ['闻']}
gaz info : {'B': ['机构', '机会', '机制', '机械', '机遇', '机场', '机组', '机器', '机电', '机关', '机票', '机械工业', '机上', '机械制造', '机电产品', '机车', '机密', '机动', '机台', '机能', '机长', '机时', '机师'], 'E': ['手机', '发动机', '计算机', '电机', '危机', '飞机', '金融危机', '有机', '投机', '发电机', '时机', '司机', '相机', '契机', '新机', '直升机', '商机', '电视机', '客机', '动机', '国机', '交换机', '转机', '架飞机', '生机', '战机', '关机', '港机', '微机', '话机', '升机', '班机', '轮机', '抽水机', '门机', '水机', '算机'], 'M': ['金融机构', '分支机构', '司法机关', '就业机会', '国际机场', '保障机制', '新机制', '手机短信', '危机感', '香港机场', '虹桥机场', '立法机关', '浦东国际机场', '轮机长', '澳门机场'], 'S': ['机']}
current token words: {'B': ['机构'], 'M': [], 'E': [], 'S': ['机']}
gaz info : {'E': ['机构', '金融机构', '结构', '架构', '产业结构', '分支机构', '建构'], 'B': ['构成', '构建', '构想'], 'M': ['结构调整'], 'S': ['构']}
current token words: {'B': [], 'M': [], 'E': ['机构'], 'S': ['构']}
current token words: {'B': [], 'M': [], 'E': [], 'S': []}
orig tokens: ['[CLS]', '人', '名', '和', '虚', '构', '的', '人', '物', '形', '象', '[SEP]']
tokens len: 12
===========================
current token words: {'B': [], 'M': [], 'E': [], 'S': []}
gaz info : {'B': ['人民币', '人员', '人士', '人才', '人们', '人寿', '人数', '人民政府', '人口', '人类', '人群', '人民', '人均', '人民银行', '人次', '人力资源', '人工', '人人', '人力', '人气', '人民法院', '人生', '人保', '人选', '人民日报', '人物', '人体', '人事', '人文', '人为', '人家', '人和', '人称', '人身', '人心', '人行', '人员伤亡', '人流', '人大', '人脉', '人手', '人大常委会', '人眼', '人大代表', '人参', '人民大会堂', '人才交流', '人道主义', '人际关系', '人马', '人形', '人民大学', '人中', '人头', '人格', '人事部', '人民共和国', '人才市场', '人潮', '人声', '人际', '人意', '人道', '人命', '人世', '人质', '人治', '人类学', '人权', '人愿', '人面'], 'S': ['人'], 'E': ['负责人', '个人', '投资人', '管理人', '法人', '无人', '本人', '有人', '发言人', '年轻人', '候选人', '当事人', '令人', '私人', '领导人', '人人', '别人', '工人', '所有人', '他人', '惊人', '任何人', '经理人', '主持人', '没有人', '老年人', '千人', '华人', '许多人', '召集人', '国人', '客人', '病人', '家人', '中国人', '老人', '被提名人', '没人', '共和党人', '艺人', '其他人', '企业法人', '成人', '每人', '行人', '商人', '残疾人', '外国人', '新人', '众人', '主人', '用人', '提名人', '接班人', '名人', '敌人', '余人', '军人', '女人', '创办人', '当地人', '万人', '世人', '男人', '美国人', '高人', '代人', '穷人', '一家人', '一代人', '引人', '制作人', '民主党人', '为人', '外人', '夫人', '选人', '吓人', '数人', '路人', '港人', '亲人', '全球华人', '好人', '大人', '动人', '现代人', '黑人', '友人', '前人', '感人', '中年人', '监护人', '自己人', '伤人', '某人', '坏人', '证人', '后人', '被害人', '诗人', '犹太人', '日本人', '保人', '何人', '年青人', '言人', '台湾人', '要人', '英国人', '来人', '遭人', '少人', '江苏人', '害人', '文人', '于人', '研究人', '杀人', '定人', '强人', '线人', '北人', '助人', '得人', '向人', '元人', '责人', '里人', '第一夫人', '道人', '连人', '犯人', '圣人', '立人', '伊朗人', '亡人', '方人', '巴勒斯坦人', '乏人', '调人', '关人', '万多人', '上人', '族人', '特定人', '外省人', '运人', '圣诞老人', '伊拉克人', '闻人', '作人', '门人', '防人', '举人'], 'M': ['中华人民共和国', '管理人员', '工作人员', '中国人民银行', '从业人员', '技术人员', '专业人士', '中国人民大学', '全国人大常委会', '执法人员', '引人注目', '中级人民法院', '个人信用', '总人口', '全国人大', '令人担忧', '流动人口', '权威人士', '两国人民', '医护人员', '风云人物', '各界人士', '消防人员', '中华人民', '老人家', '老人院']}
current token words: {'B': [], 'M': [], 'E': [], 'S': ['人']}
gaz info : {'S': ['名'], 'E': ['排名', '知名', '报名', '提名', '著名', '更名', '姓名', '命名', '万名', '签名', '改名', '点名', '闻名', '有名', '成名', '出名', '罪名', '莫名', '地名', '本名', '书名', '黑名'], 'B': ['名单', '名义', '名为', '名字', '名列', '名家', '名叫', '名牌', '名人', '名誉', '名气', '名将', '名作', '名学'], 'M': ['知名度', '黑名单', '被提名人', '提名人', '莫名其妙']}
current token words: {'B': [], 'M': [], 'E': [], 'S': ['名']}
gaz info : {'S': ['和'], 'M': ['中华人民共和国', '共和党', '共和党人', '共和国', '人民共和国', '温和派', '诺贝尔和平奖', '维和部队'], 'E': ['温和', '元和', '缓和', '总和', '天和', '人和', '大和', '信和', '车和', '中和', '正和', '金和', '民和', '调和', '平和', '柔和', '三和', '维和', '六和', '共和', '年和', '方和', '国和', '亲和', '不和', '九和', '政和', '益和', '求和', '钱和', '台和', '权和', '段和', '定和', '关和', '区和', '韩国和', '议和', '东和', '强和', '力和', '员和', '易和', '风和', '门和', '展和', '海和', '王子和', '学和', '明和', '统和', '程和', '容和', '路和', '史和', '经和', '义和', '党和', '京和', '席和', '成和', '巴和', '况和', '韩和'], 'B': ['和谐', '和平', '和解', '和美', '和信', '和安', '和成', '和林', '和合', '和发', '和谐社会', '和谈', '和平共处', '和政', '和数', '和文', '和服', '和平共处五项原则', '和平统一', '和亲', '和平奖']}
current token words: {'B': [], 'M': [], 'E': [], 'S': ['和']}
gaz info : {'S': ['虚'], 'B': ['虚弱']}
current token words: {'B': [], 'M': [], 'E': [], 'S': ['虚']}
gaz info : {'E': ['机构', '金融机构', '结构', '架构', '产业结构', '分支机构', '建构'], 'B': ['构成', '构建', '构想'], 'M': ['结构调整'], 'S': ['构']}
current token words: {'B': [], 'M': [], 'E': [], 'S': ['构']}
gaz info : {'S': ['的'], 'E': ['中的', '新的', '标的', '目的', '真的', '有的', '端的', '美的', '面的', '别的', '总的', '般的', '是的', '小小的', '打的', '关的', '似的', '亲爱的', '破的', '龙的', '方的', '什么的', '余的', '马的', '周的', '任的'], 'B': ['的话', '的确', '的当', '的证', '的卡', '的哥', '的士'], 'M': ['波罗的海', '这样的话', '那样的话', '有的是']}
current token words: {'B': [], 'M': [], 'E': [], 'S': ['的']}
gaz info : {'B': ['人民币', '人员', '人士', '人才', '人们', '人寿', '人数', '人民政府', '人口', '人类', '人群', '人民', '人均', '人民银行', '人次', '人力资源', '人工', '人人', '人力', '人气', '人民法院', '人生', '人保', '人选', '人民日报', '人物', '人体', '人事', '人文', '人为', '人家', '人和', '人称', '人身', '人心', '人行', '人员伤亡', '人流', '人大', '人脉', '人手', '人大常委会', '人眼', '人大代表', '人参', '人民大会堂', '人才交流', '人道主义', '人际关系', '人马', '人形', '人民大学', '人中', '人头', '人格', '人事部', '人民共和国', '人才市场', '人潮', '人声', '人际', '人意', '人道', '人命', '人世', '人质', '人治', '人类学', '人权', '人愿', '人面'], 'S': ['人'], 'E': ['负责人', '个人', '投资人', '管理人', '法人', '无人', '本人', '有人', '发言人', '年轻人', '候选人', '当事人', '令人', '私人', '领导人', '人人', '别人', '工人', '所有人', '他人', '惊人', '任何人', '经理人', '主持人', '没有人', '老年人', '千人', '华人', '许多人', '召集人', '国人', '客人', '病人', '家人', '中国人', '老人', '被提名人', '没人', '共和党人', '艺人', '其他人', '企业法人', '成人', '每人', '行人', '商人', '残疾人', '外国人', '新人', '众人', '主人', '用人', '提名人', '接班人', '名人', '敌人', '余人', '军人', '女人', '创办人', '当地人', '万人', '世人', '男人', '美国人', '高人', '代人', '穷人', '一家人', '一代人', '引人', '制作人', '民主党人', '为人', '外人', '夫人', '选人', '吓人', '数人', '路人', '港人', '亲人', '全球华人', '好人', '大人', '动人', '现代人', '黑人', '友人', '前人', '感人', '中年人', '监护人', '自己人', '伤人', '某人', '坏人', '证人', '后人', '被害人', '诗人', '犹太人', '日本人', '保人', '何人', '年青人', '言人', '台湾人', '要人', '英国人', '来人', '遭人', '少人', '江苏人', '害人', '文人', '于人', '研究人', '杀人', '定人', '强人', '线人', '北人', '助人', '得人', '向人', '元人', '责人', '里人', '第一夫人', '道人', '连人', '犯人', '圣人', '立人', '伊朗人', '亡人', '方人', '巴勒斯坦人', '乏人', '调人', '关人', '万多人', '上人', '族人', '特定人', '外省人', '运人', '圣诞老人', '伊拉克人', '闻人', '作人', '门人', '防人', '举人'], 'M': ['中华人民共和国', '管理人员', '工作人员', '中国人民银行', '从业人员', '技术人员', '专业人士', '中国人民大学', '全国人大常委会', '执法人员', '引人注目', '中级人民法院', '个人信用', '总人口', '全国人大', '令人担忧', '流动人口', '权威人士', '两国人民', '医护人员', '风云人物', '各界人士', '消防人员', '中华人民', '老人家', '老人院']}
current token words: {'B': ['人物'], 'M': [], 'E': [], 'S': ['人']}
gaz info : {'B': ['物流', '物理', '物质', '物资', '物价', '物品', '物种', '物理学'], 'E': ['生物', '购物', '药物', '货物', '作物', '植物', '万物', '人物', '废弃物', '动物', '建筑物', '食物', '产物', '文物', '礼物', '财物', '野生动物', '风云人物', '吉祥物', '分子生物', '博物', '古物', '弃物'], 'M': ['购物中心', '生物科技', '生物技术', '博物馆', '生物学', '动物园', '生物科', '零售物价', '陶瓷博物馆'], 'S': ['物']}
current token words: {'B': [], 'M': [], 'E': ['人物'], 'S': ['物']}
gaz info : {'B': ['形成', '形式', '形态', '形势', '形象', '形容', '形状'], 'E': ['情形', '成形', '地形', '无形', '有形', '人形'], 'S': ['形'], 'M': ['新形势']}
current token words: {'B': ['形象'], 'M': [], 'E': [], 'S': ['形']}
gaz info : {'E': ['对象', '现象', '迹象', '想象', '形象', '印象', '气象', '大象', '好象'], 'S': ['象'], 'B': ['象征', '象是']}
current token words: {'B': [], 'M': [], 'E': ['形象'], 'S': ['象']}
current token words: {'B': [], 'M': [], 'E': [], 'S': []}
